form_key найден: tmViMgiw2yNqAJTi
Успешная авторизация
form_key для выбора склада: J3FYRwxWM9nOtx2o
Склад успешно выбран
Парсинг запущен для 62. Всего страниц: 239
Обработка страницы - 1
Обработка страницы заняла 16.47 секунд.
Обработка страницы - 2
Обработка страницы заняла 16.29 секунд.
Обработка страницы - 3
Обработка страницы заняла 20.71 секунд.
Обработка страницы - 4
Обработка страницы заняла 18.12 секунд.
Обработка страницы - 5
Обработка страницы заняла 10.58 секунд.
Обработка страницы - 6
Обработка страницы заняла 17.44 секунд.
Обработка страницы - 7
Обработка страницы заняла 21.24 секунд.
Обработка страницы - 8
Обработка страницы заняла 21.92 секунд.
Обработка страницы - 9
Обработка страницы заняла 23.55 секунд.
Обработка страницы - 10
Обработка страницы заняла 20.93 секунд.
Обработка страницы - 11
Обработка страницы заняла 24.86 секунд.
Обработка страницы - 12
Обработка страницы заняла 22.08 секунд.
Обработка страницы - 13
Обработка страницы заняла 22.91 секунд.
Обработка страницы - 14
Обработка страницы заняла 23.03 секунд.
Обработка страницы - 15
Обработка страницы заняла 24.85 секунд.
Обработка страницы - 16
Обработка страницы заняла 27.27 секунд.
Обработка страницы - 17
Обработка страницы заняла 21.98 секунд.
Обработка страницы - 18
Обработка страницы заняла 25.90 секунд.
Обработка страницы - 19
Обработка страницы заняла 23.84 секунд.
Обработка страницы - 20
Обработка страницы заняла 26.80 секунд.
Обработка страницы - 21
Обработка страницы заняла 24.75 секунд.
Обработка страницы - 22
Обработка страницы заняла 26.49 секунд.
Обработка страницы - 23
Обработка страницы заняла 25.95 секунд.
Обработка страницы - 24
Обработка страницы заняла 23.79 секунд.
Обработка страницы - 25
Обработка страницы заняла 25.87 секунд.
Обработка страницы - 26
Обработка страницы заняла 23.25 секунд.
Обработка страницы - 27
Обработка страницы заняла 23.93 секунд.
Обработка страницы - 28
Обработка страницы заняла 22.42 секунд.
Обработка страницы - 29
Обработка страницы заняла 21.86 секунд.
Обработка страницы - 30
Обработка страницы заняла 17.36 секунд.
Обработка страницы - 31
Обработка страницы заняла 25.51 секунд.
Обработка страницы - 32
Обработка страницы заняла 24.75 секунд.
Обработка страницы - 33
Обработка страницы заняла 24.37 секунд.
Обработка страницы - 34
Обработка страницы заняла 21.83 секунд.
Обработка страницы - 35
Обработка страницы заняла 20.84 секунд.
Обработка страницы - 36
Обработка страницы заняла 22.93 секунд.
Обработка страницы - 37
Обработка страницы заняла 24.17 секунд.
Обработка страницы - 38
Обработка страницы заняла 22.69 секунд.
Обработка страницы - 39
Обработка страницы заняла 23.66 секунд.
Обработка страницы - 40
Обработка страницы заняла 26.61 секунд.
Обработка страницы - 41
Обработка страницы заняла 26.25 секунд.
Обработка страницы - 42
Обработка страницы заняла 24.90 секунд.
Обработка страницы - 43
Обработка страницы заняла 25.31 секунд.
Обработка страницы - 44
Обработка страницы заняла 23.66 секунд.
Обработка страницы - 45
Обработка страницы заняла 25.19 секунд.
Обработка страницы - 46
Обработка страницы заняла 24.70 секунд.
Обработка страницы - 47
Обработка страницы заняла 25.19 секунд.
Обработка страницы - 48
Обработка страницы заняла 25.94 секунд.
Обработка страницы - 49
Обработка страницы заняла 24.65 секунд.
Обработка страницы - 50
Обработка страницы заняла 22.40 секунд.
Обработка страницы - 51
Обработка страницы заняла 22.89 секунд.
Обработка страницы - 52
Обработка страницы заняла 23.24 секунд.
Обработка страницы - 53
Обработка страницы заняла 24.85 секунд.
Обработка страницы - 54
Обработка страницы заняла 24.73 секунд.
Обработка страницы - 55
Обработка страницы заняла 25.70 секунд.
Обработка страницы - 56
Обработка страницы заняла 24.95 секунд.
Обработка страницы - 57
Обработка страницы заняла 23.57 секунд.
Обработка страницы - 58
Обработка страницы заняла 25.72 секунд.
Обработка страницы - 59
Обработка страницы заняла 24.90 секунд.
Обработка страницы - 60
Обработка страницы заняла 24.29 секунд.
Обработка страницы - 61
Обработка страницы заняла 26.64 секунд.
Обработка страницы - 62
Обработка страницы заняла 24.39 секунд.
Обработка страницы - 63
Обработка страницы заняла 21.85 секунд.
Обработка страницы - 64
Обработка страницы заняла 23.19 секунд.
Обработка страницы - 65
Обработка страницы заняла 25.14 секунд.
Обработка страницы - 66
Обработка страницы заняла 25.29 секунд.
Обработка страницы - 67
Обработка страницы заняла 23.14 секунд.
Обработка страницы - 68
Обработка страницы заняла 24.56 секунд.
Обработка страницы - 69
Обработка страницы заняла 24.86 секунд.
Обработка страницы - 70
Обработка страницы заняла 26.32 секунд.
Обработка страницы - 71
Обработка страницы заняла 23.88 секунд.
Обработка страницы - 72
Обработка страницы заняла 25.04 секунд.
Обработка страницы - 73
Обработка страницы заняла 24.86 секунд.
Обработка страницы - 74
Обработка страницы заняла 24.12 секунд.
Обработка страницы - 75
Обработка страницы заняла 22.17 секунд.
Обработка страницы - 76
Обработка страницы заняла 25.04 секунд.
Обработка страницы - 77
Обработка страницы заняла 25.82 секунд.
Обработка страницы - 78
Обработка страницы заняла 26.39 секунд.
Обработка страницы - 79
Обработка страницы заняла 22.81 секунд.
Обработка страницы - 80
Обработка страницы заняла 22.57 секунд.
Обработка страницы - 81
Обработка страницы заняла 22.56 секунд.
Обработка страницы - 82
Обработка страницы заняла 26.57 секунд.
Обработка страницы - 83
Обработка страницы заняла 20.64 секунд.
Обработка страницы - 84
Обработка страницы заняла 24.15 секунд.
Обработка страницы - 85
Обработка страницы заняла 23.23 секунд.
Обработка страницы - 86
Обработка страницы заняла 23.95 секунд.
Обработка страницы - 87
Обработка страницы заняла 21.38 секунд.
Обработка страницы - 88
Обработка страницы заняла 23.64 секунд.
Обработка страницы - 89
Обработка страницы заняла 23.42 секунд.
Обработка страницы - 90
Обработка страницы заняла 21.54 секунд.
Обработка страницы - 91
Обработка страницы заняла 23.24 секунд.
Обработка страницы - 92
Обработка страницы заняла 25.52 секунд.
Обработка страницы - 93
Обработка страницы заняла 23.94 секунд.
Обработка страницы - 94
Обработка страницы заняла 24.18 секунд.
Обработка страницы - 95
Обработка страницы заняла 24.24 секунд.
Обработка страницы - 96
Обработка страницы заняла 24.54 секунд.
Обработка страницы - 97
Обработка страницы заняла 23.14 секунд.
Обработка страницы - 98
Обработка страницы заняла 24.73 секунд.
Обработка страницы - 99
Обработка страницы заняла 25.13 секунд.
Обработка страницы - 100
Обработка страницы заняла 25.06 секунд.
Обработка страницы - 101
Обработка страницы заняла 22.62 секунд.
Обработка страницы - 102
Обработка страницы заняла 23.86 секунд.
Обработка страницы - 103
Обработка страницы заняла 25.28 секунд.
Обработка страницы - 104
Обработка страницы заняла 23.90 секунд.
Обработка страницы - 105
Обработка страницы заняла 25.53 секунд.
Обработка страницы - 106
Обработка страницы заняла 25.22 секунд.
Обработка страницы - 107
Обработка страницы заняла 22.94 секунд.
Обработка страницы - 108
Обработка страницы заняла 24.95 секунд.
Обработка страницы - 109
Обработка страницы заняла 25.73 секунд.
Обработка страницы - 110
Обработка страницы заняла 24.48 секунд.
Обработка страницы - 111
Обработка страницы заняла 24.81 секунд.
Обработка страницы - 112
Обработка страницы заняла 22.08 секунд.
Обработка страницы - 113
Обработка страницы заняла 26.98 секунд.
Обработка страницы - 114
Обработка страницы заняла 23.12 секунд.
Обработка страницы - 115
Обработка страницы заняла 23.76 секунд.
Обработка страницы - 116
Обработка страницы заняла 21.62 секунд.
Обработка страницы - 117
Обработка страницы заняла 25.45 секунд.
Обработка страницы - 118
Обработка страницы заняла 23.31 секунд.
Обработка страницы - 119
Обработка страницы заняла 23.23 секунд.
Обработка страницы - 120
Обработка страницы заняла 20.10 секунд.
Обработка страницы - 121
Обработка страницы заняла 20.76 секунд.
Обработка страницы - 122
Обработка страницы заняла 21.22 секунд.
Обработка страницы - 123
Обработка страницы заняла 22.47 секунд.
Обработка страницы - 124
Обработка страницы заняла 21.35 секунд.
Обработка страницы - 125
Обработка страницы заняла 24.44 секунд.
Обработка страницы - 126
Обработка страницы заняла 23.73 секунд.
Обработка страницы - 127
Обработка страницы заняла 23.63 секунд.
Обработка страницы - 128
Обработка страницы заняла 21.74 секунд.
Обработка страницы - 129
Обработка страницы заняла 22.23 секунд.
Обработка страницы - 130
Обработка страницы заняла 22.62 секунд.
Обработка страницы - 131
Обработка страницы заняла 22.15 секунд.
Обработка страницы - 132
Обработка страницы заняла 18.10 секунд.
Обработка страницы - 133
Обработка страницы заняла 26.06 секунд.
Обработка страницы - 134
Обработка страницы заняла 23.14 секунд.
Обработка страницы - 135
Обработка страницы заняла 21.80 секунд.
Обработка страницы - 136
Обработка страницы заняла 25.62 секунд.
Обработка страницы - 137
Обработка страницы заняла 22.08 секунд.
Обработка страницы - 138
Обработка страницы заняла 26.41 секунд.
Обработка страницы - 139
Обработка страницы заняла 24.90 секунд.
Обработка страницы - 140
Обработка страницы заняла 24.40 секунд.
Обработка страницы - 141
Обработка страницы заняла 23.20 секунд.
Обработка страницы - 142
Обработка страницы заняла 20.08 секунд.
Обработка страницы - 143
Обработка страницы заняла 23.14 секунд.
Обработка страницы - 144
Обработка страницы заняла 20.79 секунд.
Обработка страницы - 145
Обработка страницы заняла 21.97 секунд.
Обработка страницы - 146
Обработка страницы заняла 23.81 секунд.
Обработка страницы - 147
Обработка страницы заняла 24.22 секунд.
Обработка страницы - 148
Обработка страницы заняла 21.58 секунд.
Обработка страницы - 149
Обработка страницы заняла 24.53 секунд.
Обработка страницы - 150
Обработка страницы заняла 24.50 секунд.
Обработка страницы - 151
Обработка страницы заняла 27.75 секунд.
Обработка страницы - 152
Обработка страницы заняла 29.74 секунд.
Обработка страницы - 153
Обработка страницы заняла 24.64 секунд.
Обработка страницы - 154
Обработка страницы заняла 23.67 секунд.
Обработка страницы - 155
Обработка страницы заняла 21.97 секунд.
Обработка страницы - 156
Обработка страницы заняла 22.48 секунд.
Обработка страницы - 157
Обработка страницы заняла 22.73 секунд.
Обработка страницы - 158
Обработка страницы заняла 22.01 секунд.
Обработка страницы - 159
Обработка страницы заняла 23.47 секунд.
Обработка страницы - 160
Обработка страницы заняла 24.51 секунд.
Обработка страницы - 161
Обработка страницы заняла 23.48 секунд.
Обработка страницы - 162
Обработка страницы заняла 25.95 секунд.
Обработка страницы - 163
Обработка страницы заняла 22.37 секунд.
Обработка страницы - 164
Обработка страницы заняла 23.46 секунд.
Обработка страницы - 165
Обработка страницы заняла 25.17 секунд.
Обработка страницы - 166
Обработка страницы заняла 24.90 секунд.
Обработка страницы - 167
Обработка страницы заняла 25.12 секунд.
Обработка страницы - 168
Обработка страницы заняла 22.24 секунд.
Обработка страницы - 169
Обработка страницы заняла 23.86 секунд.
Обработка страницы - 170
Обработка страницы заняла 22.18 секунд.
Обработка страницы - 171
Обработка страницы заняла 24.37 секунд.
Обработка страницы - 172
Обработка страницы заняла 19.42 секунд.
Обработка страницы - 173
Обработка страницы заняла 21.54 секунд.
Обработка страницы - 174
Обработка страницы заняла 23.62 секунд.
Обработка страницы - 175
Обработка страницы заняла 24.12 секунд.
Обработка страницы - 176
Обработка страницы заняла 25.09 секунд.
Обработка страницы - 177
Обработка страницы заняла 22.66 секунд.
Обработка страницы - 178
Обработка страницы заняла 23.01 секунд.
Обработка страницы - 179
Обработка страницы заняла 23.59 секунд.
Обработка страницы - 180
Обработка страницы заняла 22.64 секунд.
Обработка страницы - 181
Обработка страницы заняла 24.89 секунд.
Обработка страницы - 182
Обработка страницы заняла 24.30 секунд.
Обработка страницы - 183
Обработка страницы заняла 24.44 секунд.
Обработка страницы - 184
Обработка страницы заняла 23.35 секунд.
Обработка страницы - 185
Обработка страницы заняла 23.66 секунд.
Обработка страницы - 186
Обработка страницы заняла 24.51 секунд.
Обработка страницы - 187
Обработка страницы заняла 23.54 секунд.
Обработка страницы - 188
Обработка страницы заняла 23.83 секунд.
Обработка страницы - 189
Обработка страницы заняла 23.28 секунд.
Обработка страницы - 190
Обработка страницы заняла 25.26 секунд.
Обработка страницы - 191
Обработка страницы заняла 24.67 секунд.
Обработка страницы - 192
Обработка страницы заняла 23.17 секунд.
Обработка страницы - 193
Обработка страницы заняла 25.99 секунд.
Обработка страницы - 194
Обработка страницы заняла 21.91 секунд.
Обработка страницы - 195
Обработка страницы заняла 25.22 секунд.
Обработка страницы - 196
Обработка страницы заняла 22.54 секунд.
Обработка страницы - 197
Обработка страницы заняла 22.54 секунд.
Обработка страницы - 198
Обработка страницы заняла 23.64 секунд.
Обработка страницы - 199
Обработка страницы заняла 22.52 секунд.
Обработка страницы - 200
Обработка страницы заняла 26.14 секунд.
Обработка страницы - 201
Обработка страницы заняла 23.88 секунд.
Обработка страницы - 202
Обработка страницы заняла 23.70 секунд.
Обработка страницы - 203
Обработка страницы заняла 25.79 секунд.
Обработка страницы - 204
Обработка страницы заняла 23.05 секунд.
Обработка страницы - 205
Обработка страницы заняла 24.65 секунд.
Обработка страницы - 206
Обработка страницы заняла 26.43 секунд.
Обработка страницы - 207
Обработка страницы заняла 24.98 секунд.
Обработка страницы - 208
Обработка страницы заняла 24.11 секунд.
Обработка страницы - 209
Обработка страницы заняла 22.34 секунд.
Обработка страницы - 210
Обработка страницы заняла 25.47 секунд.
Обработка страницы - 211
Обработка страницы заняла 20.86 секунд.
Обработка страницы - 212
Обработка страницы заняла 22.68 секунд.
Обработка страницы - 213
Обработка страницы заняла 23.78 секунд.
Обработка страницы - 214
Обработка страницы заняла 22.20 секунд.
Обработка страницы - 215
Обработка страницы заняла 24.07 секунд.
Обработка страницы - 216
Обработка страницы заняла 24.01 секунд.
Обработка страницы - 217
Обработка страницы заняла 21.75 секунд.
Обработка страницы - 218
Обработка страницы заняла 22.78 секунд.
Обработка страницы - 219
Обработка страницы заняла 21.17 секунд.
Обработка страницы - 220
Обработка страницы заняла 21.78 секунд.
Обработка страницы - 221
Обработка страницы заняла 23.41 секунд.
Обработка страницы - 222
Обработка страницы заняла 24.15 секунд.
Обработка страницы - 223
Обработка страницы заняла 24.32 секунд.
Обработка страницы - 224
Обработка страницы заняла 22.30 секунд.
Обработка страницы - 225
Обработка страницы заняла 23.28 секунд.
Обработка страницы - 226
Обработка страницы заняла 23.36 секунд.
Обработка страницы - 227
Обработка страницы заняла 21.38 секунд.
Обработка страницы - 228
Обработка страницы заняла 20.56 секунд.
Обработка страницы - 229
Обработка страницы заняла 24.17 секунд.
Обработка страницы - 230
Обработка страницы заняла 22.53 секунд.
Обработка страницы - 231
Обработка страницы заняла 25.77 секунд.
Обработка страницы - 232
Обработка страницы заняла 24.07 секунд.
Обработка страницы - 233
Обработка страницы заняла 22.25 секунд.
Обработка страницы - 234
Обработка страницы заняла 24.28 секунд.
Обработка страницы - 235
Обработка страницы заняла 20.89 секунд.
Обработка страницы - 236
Обработка страницы заняла 20.86 секунд.
Обработка страницы - 237
Обработка страницы заняла 20.52 секунд.
Обработка страницы - 238
Обработка страницы заняла 21.15 секунд.
Обработка страницы - 239
Обработка страницы заняла 4.89 секунд.
Парсинг завершен для 62.
form_key для выбора склада: J3FYRwxWM9nOtx2o
Склад успешно выбран
Парсинг запущен для 664. Всего страниц: 199
Обработка страницы - 1
Обработка страницы заняла 13.73 секунд.
Обработка страницы - 2
Обработка страницы заняла 16.58 секунд.
Обработка страницы - 3
Обработка страницы заняла 16.39 секунд.
Обработка страницы - 4
Обработка страницы заняла 12.30 секунд.
Обработка страницы - 5
Обработка страницы заняла 9.05 секунд.
Обработка страницы - 6
Обработка страницы заняла 16.23 секунд.
Обработка страницы - 7
Обработка страницы заняла 17.96 секунд.
Обработка страницы - 8
Обработка страницы заняла 16.70 секунд.
Обработка страницы - 9
Обработка страницы заняла 16.52 секунд.
Обработка страницы - 10
Обработка страницы заняла 17.00 секунд.
Обработка страницы - 11
Обработка страницы заняла 17.02 секунд.
Обработка страницы - 12
Обработка страницы заняла 17.29 секунд.
Обработка страницы - 13
Обработка страницы заняла 15.92 секунд.
Обработка страницы - 14
Обработка страницы заняла 18.06 секунд.
Обработка страницы - 15
Обработка страницы заняла 17.35 секунд.
Обработка страницы - 16
Обработка страницы заняла 17.21 секунд.
Обработка страницы - 17
Обработка страницы заняла 17.50 секунд.
Обработка страницы - 18
Обработка страницы заняла 17.18 секунд.
Обработка страницы - 19
Обработка страницы заняла 16.00 секунд.
Обработка страницы - 20
Обработка страницы заняла 17.35 секунд.
Обработка страницы - 21
Обработка страницы заняла 16.64 секунд.
Обработка страницы - 22
Обработка страницы заняла 17.74 секунд.
Обработка страницы - 23
Обработка страницы заняла 17.12 секунд.
Обработка страницы - 24
Обработка страницы заняла 18.43 секунд.
Обработка страницы - 25
Обработка страницы заняла 16.76 секунд.
Обработка страницы - 26
Обработка страницы заняла 17.65 секунд.
Обработка страницы - 27
Обработка страницы заняла 17.60 секунд.
Обработка страницы - 28
Обработка страницы заняла 18.52 секунд.
Обработка страницы - 29
Обработка страницы заняла 17.36 секунд.
Обработка страницы - 30
Обработка страницы заняла 17.64 секунд.
Обработка страницы - 31
Обработка страницы заняла 15.64 секунд.
Обработка страницы - 32
Обработка страницы заняла 19.41 секунд.
Обработка страницы - 33
Обработка страницы заняла 15.45 секунд.
Обработка страницы - 34
Обработка страницы заняла 19.89 секунд.
Обработка страницы - 35
Обработка страницы заняла 17.22 секунд.
Обработка страницы - 36
Обработка страницы заняла 20.19 секунд.
Обработка страницы - 37
Обработка страницы заняла 17.34 секунд.
Обработка страницы - 38
Обработка страницы заняла 18.93 секунд.
Обработка страницы - 39
Обработка страницы заняла 17.23 секунд.
Обработка страницы - 40
Обработка страницы заняла 15.58 секунд.
Обработка страницы - 41
Обработка страницы заняла 17.26 секунд.
Обработка страницы - 42
Обработка страницы заняла 18.00 секунд.
Обработка страницы - 43
Обработка страницы заняла 18.05 секунд.
Обработка страницы - 44
Обработка страницы заняла 19.21 секунд.
Обработка страницы - 45
Обработка страницы заняла 17.74 секунд.
Обработка страницы - 46
Обработка страницы заняла 18.79 секунд.
Обработка страницы - 47
Обработка страницы заняла 17.62 секунд.
Обработка страницы - 48
Обработка страницы заняла 19.24 секунд.
Обработка страницы - 49
Обработка страницы заняла 18.60 секунд.
Обработка страницы - 50
Обработка страницы заняла 17.98 секунд.
Обработка страницы - 51
Обработка страницы заняла 18.38 секунд.
Обработка страницы - 52
Обработка страницы заняла 17.63 секунд.
Обработка страницы - 53
Обработка страницы заняла 16.56 секунд.
Обработка страницы - 54
Обработка страницы заняла 17.56 секунд.
Обработка страницы - 55
Обработка страницы заняла 16.42 секунд.
Обработка страницы - 56
Обработка страницы заняла 16.91 секунд.
Обработка страницы - 57
Обработка страницы заняла 18.42 секунд.
Обработка страницы - 58
Обработка страницы заняла 17.72 секунд.
Обработка страницы - 59
Обработка страницы заняла 17.24 секунд.
Обработка страницы - 60
Обработка страницы заняла 17.80 секунд.
Обработка страницы - 61
Обработка страницы заняла 17.03 секунд.
Обработка страницы - 62
Обработка страницы заняла 17.94 секунд.
Обработка страницы - 63
Обработка страницы заняла 18.23 секунд.
Обработка страницы - 64
Обработка страницы заняла 18.45 секунд.
Обработка страницы - 65
Обработка страницы заняла 18.64 секунд.
Обработка страницы - 66
Обработка страницы заняла 18.03 секунд.
Обработка страницы - 67
Обработка страницы заняла 18.81 секунд.
Обработка страницы - 68
Обработка страницы заняла 16.36 секунд.
Обработка страницы - 69
Обработка страницы заняла 17.15 секунд.
Обработка страницы - 70
Обработка страницы заняла 16.33 секунд.
Обработка страницы - 71
Обработка страницы заняла 16.71 секунд.
Обработка страницы - 72
Обработка страницы заняла 18.90 секунд.
Обработка страницы - 73
Обработка страницы заняла 18.82 секунд.
Обработка страницы - 74
Обработка страницы заняла 18.86 секунд.
Обработка страницы - 75
Обработка страницы заняла 19.33 секунд.
Обработка страницы - 76
Обработка страницы заняла 16.14 секунд.
Обработка страницы - 77
Обработка страницы заняла 15.30 секунд.
Обработка страницы - 78
Обработка страницы заняла 16.72 секунд.
Обработка страницы - 79
Обработка страницы заняла 17.62 секунд.
Обработка страницы - 80
Обработка страницы заняла 16.18 секунд.
Обработка страницы - 81
Обработка страницы заняла 16.33 секунд.
Обработка страницы - 82
Обработка страницы заняла 17.45 секунд.
Обработка страницы - 83
Обработка страницы заняла 17.31 секунд.
Обработка страницы - 84
Обработка страницы заняла 16.77 секунд.
Обработка страницы - 85
Обработка страницы заняла 18.44 секунд.
Обработка страницы - 86
Обработка страницы заняла 18.59 секунд.
Обработка страницы - 87
Обработка страницы заняла 17.31 секунд.
Обработка страницы - 88
Обработка страницы заняла 17.88 секунд.
Обработка страницы - 89
Обработка страницы заняла 16.99 секунд.
Обработка страницы - 90
Обработка страницы заняла 17.38 секунд.
Обработка страницы - 91
Обработка страницы заняла 18.81 секунд.
Обработка страницы - 92
Обработка страницы заняла 15.95 секунд.
Обработка страницы - 93
Обработка страницы заняла 18.43 секунд.
Обработка страницы - 94
Обработка страницы заняла 17.30 секунд.
Обработка страницы - 95
Обработка страницы заняла 17.05 секунд.
Обработка страницы - 96
Обработка страницы заняла 19.12 секунд.
Обработка страницы - 97
Обработка страницы заняла 17.05 секунд.
Обработка страницы - 98
Обработка страницы заняла 16.97 секунд.
Обработка страницы - 99
Обработка страницы заняла 18.73 секунд.
Обработка страницы - 100
Обработка страницы заняла 18.56 секунд.
Обработка страницы - 101
Обработка страницы заняла 16.70 секунд.
Обработка страницы - 102
Обработка страницы заняла 16.16 секунд.
Обработка страницы - 103
Обработка страницы заняла 16.52 секунд.
Обработка страницы - 104
Обработка страницы заняла 17.21 секунд.
Обработка страницы - 105
Обработка страницы заняла 18.11 секунд.
Обработка страницы - 106
Обработка страницы заняла 18.24 секунд.
Обработка страницы - 107
Обработка страницы заняла 17.11 секунд.
Обработка страницы - 108
Обработка страницы заняла 17.94 секунд.
Обработка страницы - 109
Обработка страницы заняла 17.50 секунд.
Обработка страницы - 110
Обработка страницы заняла 17.39 секунд.
Обработка страницы - 111
Обработка страницы заняла 17.37 секунд.
Обработка страницы - 112
Обработка страницы заняла 17.67 секунд.
Обработка страницы - 113
Обработка страницы заняла 16.23 секунд.
Обработка страницы - 114
Обработка страницы заняла 16.77 секунд.
Обработка страницы - 115
Обработка страницы заняла 17.57 секунд.
Обработка страницы - 116
Обработка страницы заняла 18.03 секунд.
Обработка страницы - 117
Обработка страницы заняла 17.54 секунд.
Обработка страницы - 118
Обработка страницы заняла 18.09 секунд.
Обработка страницы - 119
Обработка страницы заняла 16.67 секунд.
Обработка страницы - 120
Обработка страницы заняла 16.82 секунд.
Обработка страницы - 121
Обработка страницы заняла 17.66 секунд.
Обработка страницы - 122
Обработка страницы заняла 17.56 секунд.
Обработка страницы - 123
Обработка страницы заняла 17.32 секунд.
Обработка страницы - 124
Обработка страницы заняла 17.83 секунд.
Обработка страницы - 125
Обработка страницы заняла 17.57 секунд.
Обработка страницы - 126
Обработка страницы заняла 17.67 секунд.
Обработка страницы - 127
Обработка страницы заняла 15.47 секунд.
Обработка страницы - 128
Обработка страницы заняла 17.68 секунд.
Обработка страницы - 129
Обработка страницы заняла 17.37 секунд.
Обработка страницы - 130
Обработка страницы заняла 16.75 секунд.
Обработка страницы - 131
Обработка страницы заняла 17.03 секунд.
Обработка страницы - 132
Обработка страницы заняла 17.32 секунд.
Обработка страницы - 133
Обработка страницы заняла 17.07 секунд.
Обработка страницы - 134
Обработка страницы заняла 18.39 секунд.
Обработка страницы - 135
Обработка страницы заняла 18.04 секунд.
Обработка страницы - 136
Обработка страницы заняла 18.03 секунд.
Обработка страницы - 137
Обработка страницы заняла 17.81 секунд.
Обработка страницы - 138
Обработка страницы заняла 16.75 секунд.
Обработка страницы - 139
Обработка страницы заняла 16.15 секунд.
Обработка страницы - 140
Обработка страницы заняла 17.57 секунд.
Обработка страницы - 141
Обработка страницы заняла 18.00 секунд.
Обработка страницы - 142
Обработка страницы заняла 18.02 секунд.
Обработка страницы - 143
Обработка страницы заняла 17.85 секунд.
Обработка страницы - 144
Обработка страницы заняла 17.57 секунд.
Обработка страницы - 145
Обработка страницы заняла 17.96 секунд.
Обработка страницы - 146
Обработка страницы заняла 16.92 секунд.
Обработка страницы - 147
Обработка страницы заняла 16.12 секунд.
Обработка страницы - 148
Обработка страницы заняла 16.53 секунд.
Обработка страницы - 149
Обработка страницы заняла 18.28 секунд.
Обработка страницы - 150
Обработка страницы заняла 16.13 секунд.
Обработка страницы - 151
Обработка страницы заняла 17.52 секунд.
Обработка страницы - 152
Обработка страницы заняла 17.64 секунд.
Обработка страницы - 153
Обработка страницы заняла 16.00 секунд.
Обработка страницы - 154
Обработка страницы заняла 16.51 секунд.
Обработка страницы - 155
Обработка страницы заняла 16.87 секунд.
Обработка страницы - 156
Обработка страницы заняла 17.67 секунд.
Обработка страницы - 157
Обработка страницы заняла 14.67 секунд.
Обработка страницы - 158
Обработка страницы заняла 16.08 секунд.
Обработка страницы - 159
Обработка страницы заняла 15.81 секунд.
Обработка страницы - 160
Обработка страницы заняла 17.85 секунд.
Обработка страницы - 161
Обработка страницы заняла 17.92 секунд.
Обработка страницы - 162
Обработка страницы заняла 17.20 секунд.
Обработка страницы - 163
Обработка страницы заняла 16.89 секунд.
Обработка страницы - 164
Обработка страницы заняла 16.72 секунд.
Обработка страницы - 165
Обработка страницы заняла 17.42 секунд.
Обработка страницы - 166
Обработка страницы заняла 17.81 секунд.
Обработка страницы - 167
Обработка страницы заняла 17.20 секунд.
Обработка страницы - 168
Обработка страницы заняла 15.51 секунд.
Обработка страницы - 169
Обработка страницы заняла 17.21 секунд.
Обработка страницы - 170
Обработка страницы заняла 17.39 секунд.
Обработка страницы - 171
Обработка страницы заняла 16.52 секунд.
Обработка страницы - 172
Обработка страницы заняла 17.32 секунд.
Обработка страницы - 173
Обработка страницы заняла 17.09 секунд.
Обработка страницы - 174
Обработка страницы заняла 17.60 секунд.
Обработка страницы - 175
Обработка страницы заняла 17.61 секунд.
Обработка страницы - 176
Обработка страницы заняла 16.14 секунд.
Обработка страницы - 177
Обработка страницы заняла 16.25 секунд.
Обработка страницы - 178
Обработка страницы заняла 16.70 секунд.
Обработка страницы - 179
Обработка страницы заняла 18.64 секунд.
Обработка страницы - 180
Обработка страницы заняла 17.45 секунд.
Обработка страницы - 181
Обработка страницы заняла 16.73 секунд.
Обработка страницы - 182
Обработка страницы заняла 16.71 секунд.
Обработка страницы - 183
Обработка страницы заняла 17.93 секунд.
Обработка страницы - 184
Обработка страницы заняла 18.03 секунд.
Обработка страницы - 185
Обработка страницы заняла 16.30 секунд.
Обработка страницы - 186
Обработка страницы заняла 17.09 секунд.
Обработка страницы - 187
Обработка страницы заняла 16.87 секунд.
Обработка страницы - 188
Обработка страницы заняла 17.68 секунд.
Обработка страницы - 189
Обработка страницы заняла 16.79 секунд.
Обработка страницы - 190
Обработка страницы заняла 16.11 секунд.
Обработка страницы - 191
Обработка страницы заняла 17.20 секунд.
Обработка страницы - 192
Обработка страницы заняла 16.65 секунд.
Обработка страницы - 193
Обработка страницы заняла 16.08 секунд.
Обработка страницы - 194
Обработка страницы заняла 17.11 секунд.
Обработка страницы - 195
Обработка страницы заняла 16.43 секунд.
Обработка страницы - 196
Обработка страницы заняла 16.12 секунд.
Обработка страницы - 197
Обработка страницы заняла 16.14 секунд.
Обработка страницы - 198
Обработка страницы заняла 17.52 секунд.
Обработка страницы - 199
Обработка страницы заняла 14.05 секунд.
Парсинг завершен для 664.
form_key для выбора склада: J3FYRwxWM9nOtx2o
Склад успешно выбран
Парсинг запущен для 650. Всего страниц: 237
Обработка страницы - 1
Обработка страницы заняла 16.76 секунд.
Обработка страницы - 2
Обработка страницы заняла 17.04 секунд.
Обработка страницы - 3
Обработка страницы заняла 15.50 секунд.
Обработка страницы - 4
Обработка страницы заняла 14.79 секунд.
Обработка страницы - 5
Обработка страницы заняла 9.16 секунд.
Обработка страницы - 6
Обработка страницы заняла 15.53 секунд.
Обработка страницы - 7
Обработка страницы заняла 18.13 секунд.
Обработка страницы - 8
Обработка страницы заняла 17.29 секунд.
Обработка страницы - 9
Обработка страницы заняла 17.35 секунд.
Обработка страницы - 10
Обработка страницы заняла 15.62 секунд.
Обработка страницы - 11
Обработка страницы заняла 17.23 секунд.
Обработка страницы - 12
Обработка страницы заняла 17.06 секунд.
Обработка страницы - 13
Обработка страницы заняла 18.75 секунд.
Обработка страницы - 14
Обработка страницы заняла 16.84 секунд.
Обработка страницы - 15
Обработка страницы заняла 17.92 секунд.
Обработка страницы - 16
Обработка страницы заняла 16.30 секунд.
Обработка страницы - 17
Обработка страницы заняла 17.46 секунд.
Обработка страницы - 18
Обработка страницы заняла 16.79 секунд.
Обработка страницы - 19
Обработка страницы заняла 17.24 секунд.
Обработка страницы - 20
Обработка страницы заняла 18.46 секунд.
Обработка страницы - 21
Обработка страницы заняла 17.34 секунд.
Обработка страницы - 22
Обработка страницы заняла 17.82 секунд.
Обработка страницы - 23
Обработка страницы заняла 16.08 секунд.
Обработка страницы - 24
Обработка страницы заняла 17.03 секунд.
Обработка страницы - 25
Обработка страницы заняла 17.53 секунд.
Обработка страницы - 26
Обработка страницы заняла 19.08 секунд.
Обработка страницы - 27
Обработка страницы заняла 17.40 секунд.
Обработка страницы - 28
Обработка страницы заняла 17.94 секунд.
Обработка страницы - 29
Обработка страницы заняла 15.97 секунд.
Обработка страницы - 30
Обработка страницы заняла 18.46 секунд.
Обработка страницы - 31
Обработка страницы заняла 17.74 секунд.
Обработка страницы - 32
Обработка страницы заняла 16.02 секунд.
Обработка страницы - 33
Обработка страницы заняла 16.54 секунд.
Обработка страницы - 34
Обработка страницы заняла 16.94 секунд.
Обработка страницы - 35
Обработка страницы заняла 15.07 секунд.
Обработка страницы - 36
Обработка страницы заняла 17.62 секунд.
Обработка страницы - 37
Обработка страницы заняла 17.36 секунд.
Обработка страницы - 38
Обработка страницы заняла 18.54 секунд.
Обработка страницы - 39
Обработка страницы заняла 17.33 секунд.
Обработка страницы - 40
Обработка страницы заняла 17.71 секунд.
Обработка страницы - 41
Обработка страницы заняла 18.92 секунд.
Обработка страницы - 42
Обработка страницы заняла 19.40 секунд.
Обработка страницы - 43
Обработка страницы заняла 15.90 секунд.
Обработка страницы - 44
Обработка страницы заняла 16.50 секунд.
Обработка страницы - 45
Обработка страницы заняла 20.56 секунд.
Обработка страницы - 46
Обработка страницы заняла 17.69 секунд.
Обработка страницы - 47
Обработка страницы заняла 16.81 секунд.
Обработка страницы - 48
Обработка страницы заняла 16.09 секунд.
Обработка страницы - 49
Обработка страницы заняла 16.60 секунд.
Обработка страницы - 50
Обработка страницы заняла 18.35 секунд.
Обработка страницы - 51
Обработка страницы заняла 17.10 секунд.
Обработка страницы - 52
Обработка страницы заняла 15.08 секунд.
Обработка страницы - 53
Обработка страницы заняла 18.35 секунд.
Обработка страницы - 54
Обработка страницы заняла 16.14 секунд.
Обработка страницы - 55
Обработка страницы заняла 17.24 секунд.
Обработка страницы - 56
Обработка страницы заняла 17.68 секунд.
Обработка страницы - 57
Обработка страницы заняла 17.91 секунд.
Обработка страницы - 58
Обработка страницы заняла 17.11 секунд.
Обработка страницы - 59
Обработка страницы заняла 18.04 секунд.
Обработка страницы - 60
Обработка страницы заняла 16.77 секунд.
Обработка страницы - 61
Обработка страницы заняла 17.25 секунд.
Обработка страницы - 62
Обработка страницы заняла 17.28 секунд.
Обработка страницы - 63
Обработка страницы заняла 16.81 секунд.
Обработка страницы - 64
Обработка страницы заняла 16.06 секунд.
Обработка страницы - 65
Обработка страницы заняла 16.94 секунд.
Обработка страницы - 66
Обработка страницы заняла 18.30 секунд.
Обработка страницы - 67
Обработка страницы заняла 18.78 секунд.
Обработка страницы - 68
Обработка страницы заняла 16.63 секунд.
Обработка страницы - 69
Обработка страницы заняла 17.72 секунд.
Обработка страницы - 70
Обработка страницы заняла 19.55 секунд.
Обработка страницы - 71
Обработка страницы заняла 18.08 секунд.
Обработка страницы - 72
Обработка страницы заняла 17.04 секунд.
Обработка страницы - 73
Обработка страницы заняла 18.77 секунд.
Обработка страницы - 74
